---
source: clean-slate/src/spanned_word.rs
expression: "Word::parse(\"G4 P0.1\".into())"

---
Ok(
    (
        LocatedSpan {
            offset: 7,
            line: 1,
            fragment: "",
            extra: (),
        },
        NonModal(
            Dwell {
                duration: 100ms,
            },
        ),
    ),
)
